definitions = "definition.csv"
provinces = "provinces.png"
positions = "positions.txt"
rivers = "rivers.png"
topology = "heightmap.heightmap"
adjacencies = "adjacencies.csv"
areas = "areas.txt"
regions = "regions.txt"
ports = "ports.csv"
climate = "climate.txt"

sea_zones = RANGE { 4004 4237 }

wasteland = RANGE { 2 3 }
impassable_terrain = RANGE { 4 84 }
impassable_terrain = RANGE { 86 89 }
impassable_terrain = RANGE { 91 141 }
impassable_terrain = RANGE { 143 145 }
impassable_terrain = RANGE { 147 153 }
impassable_terrain = RANGE { 155 189 }
impassable_terrain = RANGE { 192 204 }
impassable_terrain = RANGE { 206 211 }
impassable_terrain = RANGE { 213 221 }
impassable_terrain = RANGE { 223 229 }
impassable_terrain = RANGE { 231 235 }
impassable_terrain = RANGE { 239 247 }
impassable_terrain = RANGE { 249 264 }
impassable_terrain = RANGE { 266 270 }
impassable_terrain = RANGE { 272 286 }
impassable_terrain = RANGE { 288 324 }
impassable_terrain = RANGE { 327 371 }
impassable_terrain = RANGE { 373 382 }
impassable_terrain = RANGE { 384 389 }
impassable_terrain = RANGE { 391 421 }
impassable_terrain = RANGE { 423 486 }
impassable_terrain = RANGE { 488 500 }
impassable_terrain = RANGE { 502 547 }
impassable_terrain = RANGE { 553 590 }
impassable_terrain = RANGE { 593 607 }
impassable_terrain = RANGE { 609 620 }
impassable_terrain = RANGE { 623 641 }
impassable_terrain = RANGE { 643 656 }
impassable_terrain = RANGE { 658 659 }
impassable_terrain = RANGE { 661 667 }
impassable_terrain = RANGE { 669 674 }
impassable_terrain = RANGE { 676 683 }
impassable_terrain = RANGE { 685 697 }
impassable_terrain = RANGE { 699 702 }
impassable_terrain = RANGE { 704 735 }
impassable_terrain = RANGE { 737 808 }
impassable_terrain = RANGE { 810 820 }
impassable_terrain = RANGE { 822 871 }
impassable_terrain = RANGE { 873 875 }
impassable_terrain = RANGE { 877 880 }
impassable_terrain = RANGE { 882 898 }
impassable_terrain = RANGE { 900 902 }
impassable_terrain = RANGE { 907 927 }
impassable_terrain = RANGE { 930 935 }
impassable_terrain = RANGE { 937 953 }
impassable_terrain = RANGE { 955 962 }
impassable_terrain = RANGE { 964 976 }
impassable_terrain = RANGE { 978 979 }
impassable_terrain = RANGE { 981 984 }
impassable_terrain = RANGE { 986 997 }
impassable_terrain = RANGE { 1001 1004 }
impassable_terrain = RANGE { 1008 1016 }
impassable_terrain = RANGE { 1020 1040 }
impassable_terrain = RANGE { 1042 1052 }
impassable_terrain = RANGE { 1056 1070 }
impassable_terrain = RANGE { 1073 1102 }
impassable_terrain = RANGE { 1104 1107 }
impassable_terrain = RANGE { 1110 1122 }
impassable_terrain = RANGE { 1124 1133 }
impassable_terrain = RANGE { 1136 1153 }
impassable_terrain = RANGE { 1155 1159 }
impassable_terrain = RANGE { 1161 1163 }
impassable_terrain = RANGE { 1165 1176 }
impassable_terrain = RANGE { 1178 1196 }
impassable_terrain = RANGE { 1199 1210 }
impassable_terrain = RANGE { 1215 1229 }
impassable_terrain = RANGE { 1231 1239 }
impassable_terrain = RANGE { 1241 1255 }
impassable_terrain = RANGE { 1257 1296 }
impassable_terrain = RANGE { 1299 1303 }
impassable_terrain = RANGE { 1305 1306 }
impassable_terrain = RANGE { 1308 1311 }
impassable_terrain = RANGE { 1313 1331 }
impassable_terrain = RANGE { 1333 1348 }
impassable_terrain = RANGE { 1350 1354 }
impassable_terrain = RANGE { 1356 1388 }
impassable_terrain = RANGE { 1390 1397 }
impassable_terrain = RANGE { 1402 1436 }
impassable_terrain = RANGE { 1438 1445 }
impassable_terrain = RANGE { 1447 1450 }
impassable_terrain = RANGE { 1452 1462 }
impassable_terrain = RANGE { 1464 1473 }
impassable_terrain = RANGE { 1475 1489 }
impassable_terrain = RANGE { 1491 1503 }
impassable_terrain = RANGE { 1508 1519 }
impassable_terrain = RANGE { 1521 1534 }
impassable_terrain = RANGE { 1536 1549 }
impassable_terrain = RANGE { 1551 1559 }
impassable_terrain = RANGE { 1561 1576 }
impassable_terrain = RANGE { 1579 1604 }
impassable_terrain = RANGE { 1606 1607 }
impassable_terrain = RANGE { 1609 1623 }
impassable_terrain = RANGE { 1627 1628 }
impassable_terrain = RANGE { 1630 1669 }
impassable_terrain = RANGE { 1673 1675 }
impassable_terrain = RANGE { 1677 1680 }
impassable_terrain = RANGE { 1682 1697 }
impassable_terrain = RANGE { 1699 1702 }
impassable_terrain = RANGE { 1705 1708 }
impassable_terrain = RANGE { 1710 1720 }
impassable_terrain = RANGE { 1722 1744 }
impassable_terrain = RANGE { 1746 1748 }
impassable_terrain = RANGE { 1750 1770 }
impassable_terrain = RANGE { 1772 1773 }
impassable_terrain = RANGE { 1775 1776 }
impassable_terrain = RANGE { 1778 1784 }
impassable_terrain = RANGE { 1786 1809 }
impassable_terrain = RANGE { 1811 1846 }
impassable_terrain = RANGE { 1848 1856 }
impassable_terrain = RANGE { 1858 1861 }
impassable_terrain = RANGE { 1863 1873 }
impassable_terrain = RANGE { 1875 1877 }
impassable_terrain = RANGE { 1879 1900 }
impassable_terrain = RANGE { 1902 1903 }
impassable_terrain = RANGE { 1905 1929 }
impassable_terrain = RANGE { 1931 1949 }
impassable_terrain = RANGE { 1951 1956 }
impassable_terrain = RANGE { 1958 1959 }
impassable_terrain = RANGE { 1961 1967 }
impassable_terrain = RANGE { 1969 1970 }
impassable_terrain = RANGE { 1972 1985 }
impassable_terrain = RANGE { 1987 1990 }
impassable_terrain = RANGE { 1992 2021 }
impassable_terrain = RANGE { 2023 2024 }
impassable_terrain = RANGE { 2026 2046 }
impassable_terrain = RANGE { 2048 2119 }
impassable_terrain = RANGE { 2121 2135 }
impassable_terrain = RANGE { 2137 2183 }
impassable_terrain = RANGE { 2185 2190 }
impassable_terrain = RANGE { 2193 2205 }
impassable_terrain = RANGE { 2207 2212 }
impassable_terrain = RANGE { 2214 2226 }
impassable_terrain = RANGE { 2228 2240 }
impassable_terrain = RANGE { 2242 2250 }
impassable_terrain = RANGE { 2254 2255 }
impassable_terrain = RANGE { 2257 2258 }
impassable_terrain = RANGE { 2260 2266 }
impassable_terrain = RANGE { 2268 2280 }
impassable_terrain = RANGE { 2282 2291 }
impassable_terrain = RANGE { 2293 2297 }
impassable_terrain = RANGE { 2300 2331 }
impassable_terrain = RANGE { 2333 2343 }
impassable_terrain = RANGE { 2345 2352 }
impassable_terrain = RANGE { 2354 2365 }
impassable_terrain = RANGE { 2367 2369 }
impassable_terrain = RANGE { 2371 2384 }
impassable_terrain = RANGE { 2386 2391 }
impassable_terrain = RANGE { 2393 2401 }
impassable_terrain = RANGE { 2405 2410 }
impassable_terrain = RANGE { 2412 2431 }
impassable_terrain = RANGE { 2433 2438 }
impassable_terrain = RANGE { 2440 2444 }
impassable_terrain = RANGE { 2446 2451 }
impassable_terrain = RANGE { 2453 2472 }
impassable_terrain = RANGE { 2474 2486 }
impassable_terrain = RANGE { 2488 2494 }
impassable_terrain = RANGE { 2496 2512 }
impassable_terrain = RANGE { 2514 2521 }
impassable_terrain = RANGE { 2523 2525 }
impassable_terrain = RANGE { 2527 2539 }
impassable_terrain = RANGE { 2542 2545 }
impassable_terrain = RANGE { 2547 2551 }
impassable_terrain = RANGE { 2553 2555 }
impassable_terrain = RANGE { 2557 2558 }
impassable_terrain = RANGE { 2560 2563 }
impassable_terrain = RANGE { 2565 2585 }
impassable_terrain = RANGE { 2589 2595 }
impassable_terrain = RANGE { 2597 2610 }
impassable_terrain = RANGE { 2612 2616 }
impassable_terrain = RANGE { 2618 2622 }
impassable_terrain = RANGE { 2624 2630 }
impassable_terrain = RANGE { 2632 2643 }
impassable_terrain = RANGE { 2645 2663 }
impassable_terrain = RANGE { 2665 2668 }
impassable_terrain = RANGE { 2671 2673 }
impassable_terrain = RANGE { 2675 2679 }
impassable_terrain = RANGE { 2681 2689 }
impassable_terrain = RANGE { 2691 2721 }
impassable_terrain = RANGE { 2723 2726 }
impassable_terrain = RANGE { 2728 2732 }
impassable_terrain = RANGE { 2734 2741 }
impassable_terrain = RANGE { 2743 2745 }
impassable_terrain = RANGE { 2754 2755 }
impassable_terrain = RANGE { 2758 2763 }
impassable_terrain = RANGE { 2765 2771 }
impassable_terrain = RANGE { 2773 2789 }
impassable_terrain = RANGE { 2791 2799 }
impassable_terrain = RANGE { 2801 2826 }
impassable_terrain = RANGE { 2828 2846 }
impassable_terrain = RANGE { 2848 2918 }
impassable_terrain = RANGE { 2920 2926 }
impassable_terrain = RANGE { 2929 2931 }
impassable_terrain = RANGE { 2933 2940 }
impassable_terrain = RANGE { 2944 2948 }
impassable_terrain = RANGE { 2952 2954 }
impassable_terrain = RANGE { 2958 2960 }
impassable_terrain = RANGE { 2963 2968 }
impassable_terrain = RANGE { 2970 2980 }
impassable_terrain = RANGE { 2982 2985 }
impassable_terrain = RANGE { 2988 2997 }
impassable_terrain = RANGE { 2999 3008 }
impassable_terrain = RANGE { 3012 3020 }
impassable_terrain = RANGE { 3022 3029 }
impassable_terrain = RANGE { 3031 3036 }
impassable_terrain = RANGE { 3040 3042 }
impassable_terrain = RANGE { 3044 3046 }
impassable_terrain = RANGE { 3048 3054 }
impassable_terrain = RANGE { 3058 3059 }
impassable_terrain = RANGE { 3061 3076 }
impassable_terrain = RANGE { 3078 3084 }
impassable_terrain = RANGE { 3086 3088 }
impassable_terrain = RANGE { 3090 3092 }
impassable_terrain = RANGE { 3094 3096 }
impassable_terrain = RANGE { 3098 3102 }
impassable_terrain = RANGE { 3106 3109 }
impassable_terrain = RANGE { 3113 3116 }
impassable_terrain = RANGE { 3118 3120 }
impassable_terrain = RANGE { 3124 3127 }
impassable_terrain = RANGE { 3129 3132 }
impassable_terrain = RANGE { 3134 3136 }
impassable_terrain = RANGE { 3138 3142 }
impassable_terrain = RANGE { 3146 3149 }
impassable_terrain = RANGE { 3151 3155 }
impassable_terrain = RANGE { 3157 3158 }
impassable_terrain = RANGE { 3160 3161 }
impassable_terrain = RANGE { 3164 3169 }
impassable_terrain = RANGE { 3171 3181 }
impassable_terrain = RANGE { 3183 3186 }
impassable_terrain = RANGE { 3189 3190 }
impassable_terrain = RANGE { 3197 3207 }
impassable_terrain = RANGE { 3210 3212 }
impassable_terrain = RANGE { 3214 3221 }
impassable_terrain = RANGE { 3223 3228 }
impassable_terrain = RANGE { 3230 3817 }
impassable_terrain = RANGE { 3819 3821 }
impassable_terrain = RANGE { 3823 3825 }
impassable_terrain = RANGE { 3827 3829 }
impassable_terrain = RANGE { 3836 3837 }
impassable_terrain = RANGE { 3839 3840 }
impassable_terrain = RANGE { 3842 4003 }
impassable_terrain = LIST { 237 549 551 904 1006 1018 1054 1399 1506 1625 1671 2252 2403 2587 2747 2750 2752 2942 2950 2956 3010 3038 3056 3104 3111 3122 3144 3192 3195 3834 }
